
> site-next@0.1.0 build
> next build --turbopack

   Ôû▓ Next.js 15.5.2 (Turbopack)
   - Environments: .env.local

   Creating an optimized production build ...
 Ô£ô Finished writing to disk in 100ms
 Ô£ô Compiled successfully in 7.9s
   Skipping linting
   Checking validity of types ...
   Collecting page data ...
node.exe : Error: 
export const dynamic = 
"force-static"/export 
const revalidate not 
configured on route 
"/sitemap.xml" with 
"output: export". See 
more info here: https:/
/nextjs.org/docs/advanc
ed-features/static-html
-export
No C:\Program Files\nod
ejs\npm.ps1:29 
caractere:3
+   & $NODE_EXE 
$NPM_CLI_JS $args
+   ~~~~~~~~~~~~~~~~~~~
~~~~~~~~~~
    + CategoryInfo     
         : NotSpecifi  
  ed: (Error: export   
  c...tic-html-expo    
rt:String) [], Rem    
oteException
    + FullyQualifiedEr 
   rorId : NativeComm  
  andError
 
    at __TURBOPACK__mod
ule__evaluation__ (C:\U
sers\TECNOLOGIA\Desktop
\programacao\site-next\
.next\server\chunks\[ro
ot-of-the-server]__d82a
4d24._.js:95:1668)
    at 
instantiateModule (C:\U
sers\TECNOLOGIA\Desktop
\programacao\site-next\
.next\server\chunks\[tu
rbopack]_runtime.js:702
:9)
    at instantiateRunti
meModule (C:\Users\TECN
OLOGIA\Desktop\programa
cao\site-next\.next\ser
ver\chunks\[turbopack]_
runtime.js:730:12)
    at getOrInstantiate
RuntimeModule (C:\Users
\TECNOLOGIA\Desktop\pro
gramacao\site-next\.nex
t\server\chunks\[turbop
ack]_runtime.js:743:12)
    at Object.m (C:\Use
rs\TECNOLOGIA\Desktop\p
rogramacao\site-next\.n
ext\server\chunks\[turb
opack]_runtime.js:752:1
8)
    at 
Object.<anonymous> (C:\
Users\TECNOLOGIA\Deskto
p\programacao\site-next
\.next\server\app\sitem
ap.xml\route.js:8:3)
Error: export const 
dynamic = 
"force-static"/export 
const revalidate not 
configured on route 
"/robots.txt" with 
"output: export". See 
more info here: https:/
/nextjs.org/docs/advanc
ed-features/static-html
-export
    at __TURBOPACK__mod
ule__evaluation__ (C:\U
sers\TECNOLOGIA\Desktop
\programacao\site-next\
.next\server\chunks\[ro
ot-of-the-server]__aa09
7746._.js:16:1060)
    at 
instantiateModule (C:\U
sers\TECNOLOGIA\Desktop
\programacao\site-next\
.next\server\chunks\[tu
rbopack]_runtime.js:702
:9)
    at instantiateRunti
meModule (C:\Users\TECN
OLOGIA\Desktop\programa
cao\site-next\.next\ser
ver\chunks\[turbopack]_
runtime.js:730:12)
    at getOrInstantiate
RuntimeModule (C:\Users
\TECNOLOGIA\Desktop\pro
gramacao\site-next\.nex
t\server\chunks\[turbop
ack]_runtime.js:743:12)
    at Object.m (C:\Use
rs\TECNOLOGIA\Desktop\p
rogramacao\site-next\.n
ext\server\chunks\[turb
opack]_runtime.js:752:1
8)
    at 
Object.<anonymous> (C:\
Users\TECNOLOGIA\Deskto
p\programacao\site-next
\.next\server\app\robot
s.txt\route.js:8:3)

> Build error occurred
[Error: Failed to 
collect page data for 
/sitemap.xml] { type: 
'Error' }
